Connecting to host 10.10.1.1, port 5203
[  6] local 10.10.1.2 port 42614 connected to 10.10.1.1 port 5203
[ ID] Interval           Transfer     Bitrate         Retr  Cwnd
[  6]   0.00-1.00   sec  2.57 GBytes  22.1 Gbits/sec  150   2.16 MBytes       
[  6]   1.00-2.00   sec  2.84 GBytes  24.4 Gbits/sec    0   2.16 MBytes       
[  6]   2.00-3.00   sec  2.85 GBytes  24.5 Gbits/sec    0   2.16 MBytes       
[  6]   3.00-4.00   sec  2.85 GBytes  24.5 Gbits/sec    0   2.16 MBytes       
[  6]   4.00-5.00   sec  2.85 GBytes  24.5 Gbits/sec    0   2.16 MBytes       
[  6]   5.00-6.00   sec  2.85 GBytes  24.5 Gbits/sec    0   2.16 MBytes       
[  6]   6.00-7.00   sec  2.85 GBytes  24.4 Gbits/sec    0   2.16 MBytes       
[  6]   7.00-8.00   sec  2.85 GBytes  24.5 Gbits/sec    0   2.16 MBytes       
[  6]   8.00-9.00   sec  2.85 GBytes  24.4 Gbits/sec    0   2.16 MBytes       
[  6]   9.00-10.00  sec  2.85 GBytes  24.5 Gbits/sec    0   2.16 MBytes       
[  6]  10.00-11.00  sec  2.85 GBytes  24.4 Gbits/sec    0   2.16 MBytes       
[  6]  11.00-12.00  sec  2.85 GBytes  24.4 Gbits/sec    0   2.16 MBytes       
[  6]  12.00-13.00  sec  2.85 GBytes  24.4 Gbits/sec    0   2.16 MBytes       
[  6]  13.00-14.00  sec  2.85 GBytes  24.5 Gbits/sec    0   2.16 MBytes       
[  6]  14.00-15.00  sec  2.85 GBytes  24.4 Gbits/sec    0   2.16 MBytes       
[  6]  15.00-16.00  sec  2.85 GBytes  24.4 Gbits/sec    0   2.16 MBytes       
[  6]  16.00-17.00  sec  2.85 GBytes  24.4 Gbits/sec    0   2.16 MBytes       
[  6]  17.00-18.00  sec  2.85 GBytes  24.4 Gbits/sec    0   2.16 MBytes       
[  6]  18.00-19.00  sec  2.85 GBytes  24.4 Gbits/sec    0   2.16 MBytes       
[  6]  19.00-20.00  sec  2.85 GBytes  24.4 Gbits/sec    0   2.16 MBytes       
[  6]  20.00-21.00  sec  2.85 GBytes  24.4 Gbits/sec    0   2.16 MBytes       
[  6]  21.00-22.00  sec  2.85 GBytes  24.4 Gbits/sec    0   2.16 MBytes       
[  6]  22.00-23.00  sec  2.85 GBytes  24.4 Gbits/sec    0   2.16 MBytes       
[  6]  23.00-24.00  sec  2.85 GBytes  24.4 Gbits/sec    0   2.16 MBytes       
[  6]  24.00-25.00  sec  2.85 GBytes  24.4 Gbits/sec    0   2.16 MBytes       
[  6]  25.00-26.00  sec  2.85 GBytes  24.4 Gbits/sec    0   2.16 MBytes       
[  6]  26.00-27.00  sec  2.85 GBytes  24.4 Gbits/sec    0   2.16 MBytes       
[  6]  27.00-28.00  sec  2.85 GBytes  24.4 Gbits/sec    0   2.16 MBytes       
[  6]  28.00-29.00  sec  2.85 GBytes  24.4 Gbits/sec    0   2.16 MBytes       
[  6]  29.00-30.00  sec  2.85 GBytes  24.4 Gbits/sec    0   2.16 MBytes       
- - - - - - - - - - - - - - - - - - - - - - - - -
[ ID] Interval           Transfer     Bitrate         Retr
[  6]   0.00-30.00  sec  85.1 GBytes  24.4 Gbits/sec  150             sender
[  6]   0.00-30.00  sec  85.1 GBytes  24.4 Gbits/sec                  receiver

iperf Done.
